// Jest Snapshot v1, https://goo.gl/fbAQLP

exports[`UI Tests should test the snapshot 1`] = `
<div>
  <div>
    <h1>
      API Component
    </h1>
  </div>
</div>
`;
